C:/Users/ravi9/Downloads/cgpt/Go_explorer_clear/.venv-1/Scripts/python.exe : 
C:\Users\ravi9\Downloads\cgpt\Go_explorer_clear\.venv-1\Lib\site-packages\razorpay\client.py:4: 
UserWarning: pkg_resources is deprecated as an API. See 
https://setuptools.pypa.io/en/latest/pkg_resources.html. The pkg_resources package is slated 
for removal as early as 2025-11-30. Refrain from using this package or pin to Setuptools<81.
At line:1 char:1
+ C:/Users/ravi9/Downloads/cgpt/Go_explorer_clear/.venv-1/Scripts/pytho ...
+ ~~~~~~~~~~~~~~~~~~~~~~~~~~~~~~~~~~~~~~~~~~~~~~~~~~~~~~~~~~~~~~~~~~~~~
    + CategoryInfo          : NotSpecified: (C:\Users\ravi9\... Setuptools<81.:String) [], Remo 
   teException
    + FullyQualifiedErrorId : NativeCommandError
 
  import pkg_resources

====================================================================================================
COMPREHENSIVE CRITICAL ISSUES TEST REPORT
====================================================================================================

[ISSUE #1] Mobile validation - exactly 10 digits

[ISSUE #1] Mobile validation - exactly 10 digits
Traceback (most recent call last):
  File "C:\Users\ravi9\Downloads\cgpt\Go_explorer_clear\test_all_critical_fixes.py", line 43, 
in <module>
    test_result(1, "Mobile validation - exactly 10 digits",
    ~~~~~~~~~~~^^^^^^^^^^^^^^^^^^^^^^^^^^^^^^^^^^^^^^^^^^^^
                has_correct_pattern and has_correct_maxlength and no_incorrect_pattern,
                ^^^^^^^^^^^^^^^^^^^^^^^^^^^^^^^^^^^^^^^^^^^^^^^^^^^^^^^^^^^^^^^^^^^^^^^
                f"Pattern: {'\u2713' if has_correct_pattern else '\u2717'}, Maxlength: 
{'\u2713' if has_correct_maxlength else '\u2717'}")
                ^^^^^^^^^^^^^^^^^^^^^^^^^^^^^^^^^^^^^^^^^^^^^^^^^^^^^^^^^^^^^^^^^^^^^^^^^^^^^^^^
^^^^^^^^^^^^^^^^^^^^^^
  File "C:\Users\ravi9\Downloads\cgpt\Go_explorer_clear\test_all_critical_fixes.py", line 29, 
in test_result
    print(f"  Status: {status}")
    ~~~~~^^^^^^^^^^^^^^^^^^^^^^^
  File "C:\Users\ravi9\AppData\Local\Programs\Python\Python313\Lib\encodings\cp1252.py", line 
19, in encode
    return codecs.charmap_encode(input,self.errors,encoding_table)[0]
           ~~~~~~~~~~~~~~~~~~~~~^^^^^^^^^^^^^^^^^^^^^^^^^^^^^^^^^^
UnicodeEncodeError: 'charmap' codec can't encode character '\u2705' in position 10: character 
maps to <undefined>

During handling of the above exception, another exception occurred:

Traceback (most recent call last):
  File "C:\Users\ravi9\Downloads\cgpt\Go_explorer_clear\test_all_critical_fixes.py", line 47, 
in <module>
    test_result(1, "Mobile validation - exactly 10 digits", False, str(e))
    ~~~~~~~~~~~^^^^^^^^^^^^^^^^^^^^^^^^^^^^^^^^^^^^^^^^^^^^^^^^^^^^^^^^^^^
  File "C:\Users\ravi9\Downloads\cgpt\Go_explorer_clear\test_all_critical_fixes.py", line 29, 
in test_result
    print(f"  Status: {status}")
    ~~~~~^^^^^^^^^^^^^^^^^^^^^^^
  File "C:\Users\ravi9\AppData\Local\Programs\Python\Python313\Lib\encodings\cp1252.py", line 
19, in encode
    return codecs.charmap_encode(input,self.errors,encoding_table)[0]
           ~~~~~~~~~~~~~~~~~~~~~^^^^^^^^^^^^^^^^^^^^^^^^^^^^^^^^^^
UnicodeEncodeError: 'charmap' codec can't encode character '\u274c' in position 10: character 
maps to <undefined>
